// Jest Snapshot v1, https://goo.gl/fbAQLP

exports[`NotesList component renders an error message when there is a notes error passed in context 1`] = `
<BrowserRouter>
  <Router
    history={
      Object {
        "action": "POP",
        "block": [Function],
        "createHref": [Function],
        "go": [Function],
        "goBack": [Function],
        "goForward": [Function],
        "length": 1,
        "listen": [Function],
        "location": Object {
          "hash": "",
          "pathname": "/",
          "search": "",
          "state": undefined,
        },
        "push": [Function],
        "replace": [Function],
      }
    }
  >
    <NotesList>
      <section
        className="notes"
      >
        <h2>
          Loading...
        </h2>
      </section>
    </NotesList>
  </Router>
</BrowserRouter>
`;

exports[`NotesList component renders the UI as expected 1`] = `
<BrowserRouter>
  <Router
    history={
      Object {
        "action": "POP",
        "block": [Function],
        "createHref": [Function],
        "go": [Function],
        "goBack": [Function],
        "goForward": [Function],
        "length": 1,
        "listen": [Function],
        "location": Object {
          "hash": "",
          "pathname": "/",
          "search": "",
          "state": undefined,
        },
        "push": [Function],
        "replace": [Function],
      }
    }
  >
    <NotesList>
      <section
        className="notes"
      >
        <h2>
          Loading...
        </h2>
      </section>
    </NotesList>
  </Router>
</BrowserRouter>
`;
